#-----------------------------------------------------------
# Webtalk v2019.2 (64-bit)
# SW Build 2708876 on Wed Nov  6 21:40:23 MST 2019
# IP Build 2700528 on Thu Nov  7 00:09:20 MST 2019
# Start of session at: Fri Mar  1 11:13:10 2024
# Process ID: 228
# Current directory: C:/Users/hudyakovas/Desktop/Khudyakov/MyProjects/RLCBC_BROD/project/Ethernet10G.sim/tb_ethernet_controller/behav/xsim
# Command line: wbtcv.exe -mode batch -source C:/Users/hudyakovas/Desktop/Khudyakov/MyProjects/RLCBC_BROD/project/Ethernet10G.sim/tb_ethernet_controller/behav/xsim/xsim.dir/test_top_behav/webtalk/xsim_webtalk.tcl -notrace
# Log file: C:/Users/hudyakovas/Desktop/Khudyakov/MyProjects/RLCBC_BROD/project/Ethernet10G.sim/tb_ethernet_controller/behav/xsim/webtalk.log
# Journal file: C:/Users/hudyakovas/Desktop/Khudyakov/MyProjects/RLCBC_BROD/project/Ethernet10G.sim/tb_ethernet_controller/behav/xsim\webtalk.jou
#-----------------------------------------------------------
source C:/Users/hudyakovas/Desktop/Khudyakov/MyProjects/RLCBC_BROD/project/Ethernet10G.sim/tb_ethernet_controller/behav/xsim/xsim.dir/test_top_behav/webtalk/xsim_webtalk.tcl -notrace
